Predicate "big_f" is now treated as: NEGATIVE.
Predicate "big_h" is now treated as: NEGATIVE.
Predicate "big_g" is now treated as: NEGATIVE.
Added global pel46_1 : ∀X.
                         ∀Y.
                           big_f⁻(X) ∧
                             (big_f⁻(Y) ∧ big_h⁻(Y,X) ⊃ big_g⁻(Y)) ⊃
                             big_g⁻(X).
Predicate "big_j" is now treated as: NEGATIVE.
Added global pel46_2 : (∃X. big_f⁻(X) ∧ ¬big_g⁻(X)) ⊃
                         (∃X1.
                            big_f⁻(X1) ∧ ¬big_g⁻(X1) ∧
                              (∀Y.
                                 big_f⁻(Y) ∧ ¬big_g⁻(Y) ⊃
                                   big_j⁻(X1,Y))).
Added global pel46_3 : ∀X.
                         ∀Y.
                           big_f⁻(X) ∧ big_f⁻(Y) ∧ big_h⁻(X,Y) ⊃
                             ¬big_j⁻(Y,X).
[LABEL] Labeled formulas:
          right #7⁺ := ∀X. #8⁻(X) ⊃ big_g⁻(X)
          local #8⁻('18) := big_f⁻('18)
          global #pel46_3⁻ :=
            ∀X.
              ∀Y.
                big_f⁻(X) ∧ big_f⁻(Y) ∧ big_h⁻(X,Y) ⊃
                  ¬big_j⁻(Y,X)
          global #pel46_2⁻ :=
            (∃X. big_f⁻(X) ∧ (#6⁻(X) ⊃ #5⁺)) ⊃
              (∃X1. #2⁻(X1))
          local #6⁻(?15) := big_g⁻(?15)
          right #5⁺ := ⊥
          local #2⁻('13) :=
            big_f⁻('13) ∧ ¬big_g⁻('13) ∧
              (∀Y. big_f⁻(Y) ∧ (#4⁻(Y) ⊃ #3⁺) ⊃ big_j⁻('13,Y))
          local #4⁻(?14) := big_g⁻(?14)
          right #3⁺ := ⊥
          global #pel46_1⁻ :=
            ∀X.
              ∀Y.
                big_f⁻(X) ∧ (#1⁻(Y,X) ⊃ big_g⁻(Y)) ⊃ big_g⁻(X)
          local #1⁻(?12,?11) := big_f⁻(?12) ∧ big_h⁻(?12,?11)
        Goal is #7
[INDEX] [1] #8('1) --> big_f('1)
[INDEX] [2] #6(?1) --> big_g(?1)
[INDEX] [3] #2('1) --> big_f('1)
[INDEX] [4] #4(?1) --> big_g(?1)
[INDEX] [5] #1(?2,?1) --> big_f(?2)
[INDEX] [6] #1(?2,?1) --> big_h(?2,?1)
[INDEX] [7] #8('1), #6(?2) --> big_g('1)
[INDEX] [8] #2('1), #6('1) --> ·
[INDEX] [9] #2('1), #6(?2) --> big_g('1)
[INDEX] [10] #2('1), #4(?2) --> big_g('1)
[INDEX] [11] #8('1), #4(?2) --> big_g('1)
[INDEX] [12] #2('1), #4('1) --> ·
[INDEX] [13] #1(?1,?2), #4(?3) --> big_g(?1)
[INDEX] [14] #1(?1,?2), #6(?3) --> big_g(?1)
[INDEX] [15] #2('1), #8('1), #6(?2) --> ·
[INDEX] [16] #6(?1) --> #7
[INDEX] [17] #2('1), #6(?2) --> ·
[INDEX] [18] #2('1), #4(?2) --> ·
[INDEX] [19] #4(?1) --> #7
[INDEX] [20] #1(?3,?1), #2('2) --> big_j('2,?3)
[INDEX] [21] #2('1) --> big_j('1,'1)
[INDEX] [22] #2('1), #2('2) --> big_j('1,'2)
[INDEX] [23] #8('1), #2('2) --> big_j('2,'1)
[INDEX] [24] #2('1), #8('1), #1(?2,'1) --> ·
[INDEX] [25] #2('1), #1(?2,'1) --> ·
[INDEX] [26] #1('2,?1), #2('2) --> big_g('2)
[INDEX] [27] #2('1) --> big_g('1)
[INDEX] [28] #1(?1,?2), #2('3) --> big_g(?1)
[INDEX] [29] #8('1), #2('2) --> big_g('1)
[INDEX] [30] #2('1) --> ·
Refuted.
