Predicate "big_f" is now treated as: NEGATIVE.
Predicate "big_g" is now treated as: NEGATIVE.
Predicate "big_h" is now treated as: NEGATIVE.
Added global pel30_1 : ∀X. big_f⁻(X) ∨ big_g⁻(X) ⊃ ¬big_h⁻(X).
Predicate "big_i" is now treated as: NEGATIVE.
Added global pel30_2 : ∀X.
                         (big_g⁻(X) ⊃ ¬big_i⁻(X)) ⊃
                           big_f⁻(X) ∧ big_h⁻(X).
[LABEL] Labeled formulas:
          right #4⁺ := ∀X. big_i⁻(X)
          global #pel30_2⁻ :=
            ∀X.
              (#3⁻(X) ⊃ #2⁻(X) ⊃ #1⁺) ⊃
                big_f⁻(X) ∧ big_h⁻(X)
          local #3⁻(?12) := big_g⁻(?12)
          local #2⁻(?12) := big_i⁻(?12)
          right #1⁺ := ⊥
          global #pel30_1⁻ :=
            ∀X. big_f⁻(X) ∨ big_g⁻(X) ⊃ ¬big_h⁻(X)
        Goal is #4
[INDEX] [1] #3(?1) --> big_g(?1)
[INDEX] [2] #2(?1) --> big_i(?1)
Refuted.
