Predicate "big_p" is now treated as: NEGATIVE.
[LABEL] Labeled formulas:
          right #1⁺ :=
            (#18⁻ ⊃ (∀X1. #15⁺(X1) ∧ #10⁺)) ∧
              (#3⁻ ⊃ (∀X. #2⁻(X) ⊃ big_p⁻(c)))
          local #18⁻ :=
            ∀X. big_p⁻(a) ∧ (#19⁻(X) ⊃ big_p⁻(b)) ⊃ big_p⁻(c)
          local #19⁻(?14) := big_p⁻(?14)
          right #15⁺('13) :=
            (#17⁻ ⊃ #16⁺) ∨ big_p⁻('13) ∨ big_p⁻(c)
          local #17⁻ := big_p⁻(a)
          right #16⁺ := ⊥
          right #10⁺ :=
            (#14⁻ ⊃ #13⁺) ∨ (#12⁻ ⊃ #11⁺) ∨ big_p⁻(c)
          local #14⁻ := big_p⁻(a)
          right #13⁺ := ⊥
          local #12⁻ := big_p⁻(b)
          right #11⁺ := ⊥
          local #3⁻ :=
            ∀X1.
              (#9⁻ ∨ #8⁻(X1) ∨ #7⁻) ∧ (#6⁻ ∨ #5⁻ ∨ #4⁻)
          local #9⁻ := ¬big_p⁻(a)
          local #8⁻(?12) := big_p⁻(?12)
          local #7⁻ := big_p⁻(c)
          local #6⁻ := ¬big_p⁻(a)
          local #5⁻ := ¬big_p⁻(b)
          local #4⁻ := big_p⁻(c)
          local #2⁻('11) := big_p⁻(a) ∧ (big_p⁻('11) ⊃ big_p⁻(b))
        Goal is #1
[INDEX] [1] #19(?1) --> big_p(?1)
[INDEX] [2] #17 --> big_p(a)
[INDEX] [3] #14 --> big_p(a)
[INDEX] [4] #12 --> big_p(b)
[INDEX] [5] #8(?1) --> big_p(?1)
[INDEX] [6] #7 --> big_p(c)
[INDEX] [7] #4 --> big_p(c)
[INDEX] [8] #2('1) --> big_p(a)
[INDEX] [9] #2('1), #19('1) --> big_p(b)
[INDEX] [10] #5, #19(b) --> ·
[INDEX] [11] #6, #19(a) --> ·
[INDEX] [12] #9, #19(a) --> ·
[INDEX] [13] #19(c) --> #10
[INDEX] [14] #19(c) --> #15('1)
[INDEX] [15] #19('1) --> #15('1)
[INDEX] [16] #6, #17 --> ·
[INDEX] [17] #9, #17 --> ·
[INDEX] [18] #18, #17, #19(b) --> big_p(c)
[INDEX] [19] #18, #17 --> big_p(c)
[INDEX] [20] #6, #14 --> ·
[INDEX] [21] #9, #14 --> ·
[INDEX] [22] #18, #14, #19(b) --> big_p(c)
[INDEX] [23] #18, #14 --> big_p(c)
[INDEX] [24] #18, #19(a), #12 --> big_p(c)
[INDEX] [25] #5, #12 --> ·
[INDEX] [26] #18, #19(a), #8(b) --> big_p(c)
[INDEX] [27] #2('1), #8('1) --> big_p(b)
[INDEX] [28] #5, #8(b) --> ·
[INDEX] [29] #6, #8(a) --> ·
[INDEX] [30] #9, #8(a) --> ·
[INDEX] [31] #8(c) --> #10
[INDEX] [32] #8(c) --> #15('1)
[INDEX] [33] #8('1) --> #15('1)
[INDEX] [34] #18, #8(a), #12 --> big_p(c)
[INDEX] [35] #18, #8(a), #19(b) --> big_p(c)
[INDEX] [36] #18, #8(a) --> big_p(c)
[INDEX] [37] #7 --> #10
[INDEX] [38] #7 --> #15('1)
[INDEX] [39] #4 --> #10
[INDEX] [40] #4 --> #15('1)
[INDEX] [41] #6, #2('1) --> ·
[INDEX] [42] #9, #2('1) --> ·
[INDEX] [43] #18, #2('1), #8(b) --> big_p(c)
[INDEX] [44] #18, #2('1), #12 --> big_p(c)
[INDEX] [45] #18, #2('1), #19(b) --> big_p(c)
[INDEX] [46] #18, #2('1) --> big_p(c)
[INDEX] [47] #5, #2('1), #19('1) --> ·
[INDEX] [48] #18, #19(a), #5 --> big_p(c)
[INDEX] [49] #3, #19(a) --> big_p(c)
[INDEX] [50] #19(c), #4 --> #1
[INDEX] [51] #19(c), #7 --> #1
[INDEX] [52] #19(c), #8(c) --> #1
[INDEX] [53] #19(c) --> #1
[INDEX] [54] #6 --> #15('1)
[INDEX] [55] #3, #17, #19(b) --> big_p(c)
[INDEX] [56] #9 --> #15('1)
[INDEX] [57] #3, #17 --> big_p(c)
[INDEX] [58] #18, #17 --> #10
[INDEX] [59] #18, #17 --> #15('1)
[INDEX] [60] #6 --> #10
[INDEX] [61] #3, #14, #19(b) --> big_p(c)
[INDEX] [62] #9 --> #10
[INDEX] [63] #3, #14 --> big_p(c)
[INDEX] [64] #18, #14 --> #10
[INDEX] [65] #18, #14 --> #15('1)
[INDEX] [66] #18, #19(a), #12 --> #10
[INDEX] [67] #18, #19(a), #12 --> #15('1)
[INDEX] [68] #5 --> #10
[INDEX] [69] #18, #19(a), #8(b) --> #10
[INDEX] [70] #18, #19(a), #8(b) --> #15('1)
[INDEX] [71] #5, #2('1), #8('1) --> ·
[INDEX] [72] #3, #8(a), #19(b) --> big_p(c)
[INDEX] [73] #3, #8(a), #12 --> big_p(c)
[INDEX] [74] #3, #8(a) --> big_p(c)
[INDEX] [75] #8(c), #18, #19(a), #12 --> #1
[INDEX] [76] #8(c), #18, #14 --> #1
[INDEX] [77] #8(c), #18, #17 --> #1
[INDEX] [78] #8(c), #4 --> #1
[INDEX] [79] #8(c), #7 --> #1
[INDEX] [80] #8(c) --> #1
[INDEX] [81] #18, #8(a) --> #10
[INDEX] [82] #18, #8(a) --> #15('1)
[INDEX] [83] #3, #8(a) --> #10
[INDEX] [84] #3, #14 --> #10
[INDEX] [85] #3, #17 --> #10
[INDEX] [86] #3, #19(a) --> #10
[INDEX] [87] #3, #8(a) --> #15('1)
[INDEX] [88] #3, #14 --> #15('1)
[INDEX] [89] #3, #17 --> #15('1)
[INDEX] [90] #3, #19(a) --> #15('1)
[INDEX] [91] #7, #18, #8(a) --> #1
[INDEX] [92] #7, #18, #19(a), #8(b) --> #1
[INDEX] [93] #7, #18, #19(a), #12 --> #1
[INDEX] [94] #7, #18, #14 --> #1
[INDEX] [95] #7, #18, #17 --> #1
[INDEX] [96] #7, #4 --> #1
[INDEX] [97] #7 --> #1
[INDEX] [98] #4, #18, #8(a) --> #1
[INDEX] [99] #4, #18, #19(a), #8(b) --> #1
[INDEX] [100] #4, #18, #19(a), #12 --> #1
[INDEX] [101] #4, #18, #14 --> #1
[INDEX] [102] #4, #18, #17 --> #1
[INDEX] [103] #4 --> #1
[INDEX] [104] #3, #2('1), #19(b) --> #15('2)
[INDEX] [105] #3, #2('1), #19(b) --> #10
[INDEX] [106] #3, #2('1), #19(b) --> big_p(c)
[INDEX] [107] #3, #2('1), #12 --> #15('2)
[INDEX] [108] #3, #2('1), #12 --> #10
[INDEX] [109] #3, #2('1), #12 --> big_p(c)
[INDEX] [110] #3, #2('1), #8(b) --> #15('2)
[INDEX] [111] #3, #2('1), #8(b) --> #10
[INDEX] [112] #3, #2('1), #8(b) --> big_p(c)
[INDEX] [113] #3, #2('1) --> big_p(c)
[INDEX] [114] #3, #2('1), #5 --> #15('2)
[INDEX] [115] #3, #2('1) --> #10
[INDEX] [116] #3, #2('1) --> #15('2)
[INDEX] [117] #18, #2('1) --> #10
[INDEX] [118] #18, #2('2) --> #15('1)
[INDEX] [119] #18, #19(a), #5 --> #15('1)
[INDEX] [120] #3, #19(b) --> #15('1)
[INDEX] [121] #3, #12 --> #15('1)
[INDEX] [122] #3, #8(b) --> #15('1)
[INDEX] [123] #3, #5 --> #15('1)
[INDEX] [124] #3 --> #15('1)
[INDEX] [125] #17 --> #1
[INDEX] [126] #6, #18 --> #1
[INDEX] [127] #6, #9 --> #1
[INDEX] [128] #6 --> #1
[INDEX] [129] #3, #19(b) --> #10
[INDEX] [130] #3, #12 --> #10
[INDEX] [131] #3, #8(b) --> #10
[INDEX] [132] #9, #18 --> #1
[INDEX] [133] #9 --> #1
[INDEX] [134] #3 --> #10
[INDEX] [135] #14 --> #1
[INDEX] [136] #12, #19(a) --> #1
[INDEX] [137] #8(b), #19(a) --> #1
[INDEX] [138] #5, #8(a) --> #1
[INDEX] [139] #8(a) --> #1
[INDEX] [140] #3, #2('1) --> #1
[INDEX] [141] #3, #19(a) --> #1
[INDEX] [142] #5, #2('1) --> #1
[INDEX] [143] #2('1) --> #1
[INDEX] [144] #19(a), #5 --> #1
[INDEX] [145] #3, #5 --> #1
[INDEX] [146] #3, #19(b) --> #1
[INDEX] [147] #3, #12 --> #1
[INDEX] [148] #3, #8(b) --> #1
[INDEX] [149] #3 --> #1
Refuted.
