Predicate "big_f" is now treated as: NEGATIVE.
Predicate "big_g" is now treated as: NEGATIVE.
[LABEL] Labeled formulas:
          right #1⁺ :=
            ((∃X. #7⁻(X)) ⊃ #5⁺) ∧
              ((∃X. ∃Y. #4⁻(Y,X)) ⊃ #2⁺)
          local #7⁻('16) := big_f⁻('16) ⊃ big_g⁻('16)
          right #5⁺ := ∃X. ∃Y. #6⁻(X) ⊃ big_g⁻(Y)
          local #6⁻(?14) := big_f⁻(?14)
          local #4⁻('13,'12) := big_f⁻('12) ⊃ big_g⁻('13)
          right #2⁺ := ∃X. #3⁻(X) ⊃ big_g⁻(X)
          local #3⁻(?11) := big_f⁻(?11)
        Goal is #1
[INDEX] [1] #6(?1) --> big_f(?1)
[INDEX] [2] #3(?1) --> big_f(?1)
[INDEX] [3] #4('1,'2), #6('2) --> big_g('1)
[INDEX] [4] #7('1), #6('1) --> big_g('1)
[INDEX] [5] #4('1,'2), #3('2) --> big_g('1)
[INDEX] [6] #7('1), #3('1) --> big_g('1)
[INDEX] [7] #4('1,'2), #6('2) --> #2
[INDEX] [8] #4('1,'2), #6('2) --> #5
[INDEX] [9] #4('1,'2) --> #5
[INDEX] [10] #7('1), #6('1) --> #2
[INDEX] [11] #7('1), #6('1) --> #5
[INDEX] [12] #7('1) --> #5
[INDEX] [13] #4('1,'2), #3('2) --> #2
[INDEX] [14] #4('1,'1) --> #2
[INDEX] [15] #7('1) --> #2
[INDEX] [16] #4('1,'2), #6('2) --> #1
[INDEX] [17] #7('1), #4('2,'3), #3('3) --> #1
[INDEX] [18] #4('1,'2), #3('2) --> #1
[INDEX] [19] #7('1), #4('2,'2) --> #1
[INDEX] [20] #4('1,'1) --> #1
[INDEX] [21] #7('1) --> #1
Refuted.
