Predicate "big_f" is now treated as: NEGATIVE.
Predicate "p" is now treated as: NEGATIVE.
[LABEL] Labeled formulas:
          right #1⁺ :=
            ∃X.
              ∀Y.
                #4⁻(X) ⊃ (#3⁻(Y) ⊃ p⁻) ∧ (#2⁻ ⊃ big_f⁻(Y))
          local #4⁻(?11) := big_f⁻(?11) ≡ p⁻
          local #3⁻('12) := big_f⁻('12)
          local #2⁻ := p⁻
        Goal is #1
[INDEX] [1] #3('1) --> big_f('1)
[INDEX] [2] #2 --> p
[INDEX] [3] #4('1), #3('1) --> p
[INDEX] [4] #4(?1), #2 --> big_f(?1)
[INDEX] [5] #4(?1), #4('2), #3('2) --> big_f(?1)
Refuted.
