Predicate "p" is now treated as: NEGATIVE.
Predicate "q" is now treated as: NEGATIVE.
[LABEL] Labeled formulas:
          right #1⁺ :=
            (#2⁻ ⊃ (∀X. ∀Y. p⁻(X,Y))) ∨ (∀X. ∀Y. q⁻(X,Y))
          local #2⁻ :=
            (∀X. ∀Y. ∀Z. p⁻(X,Y) ∧ p⁻(Y,Z) ⊃ p⁻(X,Z)) ∧
              (∀X. ∀Y. ∀Z. q⁻(X,Y) ∧ q⁻(Y,Z) ⊃ q⁻(X,Z)) ∧
              (∀X. ∀Y. q⁻(X,Y) ⊃ q⁻(Y,X)) ∧
              (∀X. ∀Y. #4⁻(Y,X) ∨ #3⁻(Y,X))
          local #4⁻(?16,?15) := p⁻(?15,?16)
          local #3⁻(?16,?15) := q⁻(?15,?16)
        Goal is #1
[INDEX] [1] #4(?2,?1) --> p(?1,?2)
[INDEX] [2] #3(?2,?1) --> q(?1,?2)
[INDEX] [3] #2, #4(?2,?1), #4(?3,?2) --> p(?1,?3)
[INDEX] [4] #2, #3(?2,?1) --> q(?2,?1)
[INDEX] [5] #2, #3(?2,?1), #3(?3,?2) --> q(?1,?3)
[INDEX] [6] #4(?2,?1), #2, #4(?4,?2), #4(?3,?4) --> p(?1,?3)
[INDEX] [7] #4(?2,?1), #4(?3,?2), #2, #4(?5,?3), #4(?4,?5) --> p(?1,?4)
[INDEX] [8] #2, #3(?1,?2) --> q(?2,?2)
[INDEX] [9] #3(?2,?1), #2, #3(?2,?3) --> q(?1,?3)
[INDEX] [10] #3(?1,?2), #2, #3(?2,?3) --> q(?1,?3)
[INDEX] [11] #2, #3(?2,?1) --> q(?2,?2)
[INDEX] [12] #2, #3(?1,?2), #3(?3,?2) --> q(?1,?3)
[INDEX] [13] #3(?1,?2), #2, #3(?4,?2), #3(?3,?4) --> q(?1,?3)
[INDEX] [14] #3(?2,?1), #2, #3(?4,?2), #3(?3,?4) --> q(?1,?3)
[INDEX] [15] #3(?2,?1), #3(?3,?2), #2, #3(?5,?3), #3(?4,?5) --> q(?1,?4)
[INDEX] [16] #3(?2,?1), #3(?3,?2), #2, #3(?3,?4) --> q(?1,?4)
[INDEX] [17] #4(?2,?1), #4(?3,?2), #4(?5,?3), #2, #4(?6,?5), #4(?4,?6) -->
               p(?1,?4)
[INDEX] [18] #4(?2,?1), #4(?3,?2), #4(?4,?3), #4(?6,?4), #2, #4(?7,?6),
               #4(?5,?7) --> p(?1,?5)
[INDEX] [19] #4(?2,?1), #4(?3,?2), #4(?4,?3), #4(?6,?4), #4(?7,?6), #2,
               #4(?8,?7), #4(?5,?8) --> p(?1,?5)
[INDEX] [20] #4(?2,?1), #4(?3,?2), #4(?4,?3), #4(?5,?4), #4(?7,?5),
               #4(?8,?7), #2, #4(?9,?8), #4(?6,?9) --> p(?1,?6)
[INDEX] [21] #3(?2,?1), #3(?3,?2), #3(?5,?3), #2, #3(?5,?4) --> q(?1,?4)
[INDEX] [22] #3(?1,?2), #3(?4,?2), #2, #3(?4,?3) --> q(?1,?3)
[INDEX] [23] #3(?2,?2), #2, #3(?2,?1) --> q(?1,?1)
[INDEX] [24] #3(?2,?1), #3(?4,?2), #2, #3(?4,?3) --> q(?1,?3)
[INDEX] [25] #2, #3(?2,?1) --> q(?1,?1)
[INDEX] [26] #3(?3,?1), #2, #3(?3,?2) --> q(?2,?1)
[INDEX] [27] #3(?2,?1), #3(?2,?3), #2, #3(?5,?3), #3(?4,?5) --> q(?1,?4)
[INDEX] [28] #3(?2,?1), #2, #3(?2,?3), #3(?4,?3) --> q(?1,?4)
[INDEX] [29] #4(?2,?1), #4(?3,?2), #4(?4,?3), #4(?5,?4), #4(?7,?5),
               #4(?8,?7), #4(?9,?8), #2, #4(?10,?9), #4(?6,?10) --> p(?1,?6)
[INDEX] [30] #4(?2,?1), #4(?3,?2), #4(?4,?3), #4(?5,?4), #4(?6,?5),
               #4(?8,?6), #4(?9,?8), #4(?10,?9), #2, #4(?11,?10),
               #4(?7,?11) --> p(?1,?7)
