Predicate "c" is now treated as: NEGATIVE.
Predicate "p" is now treated as: NEGATIVE.
[LABEL] Labeled formulas:
          right #1⁺ :=
            ((∃X. #8⁻(X)) ⊃ #7⁻ ⊃ #6⁺) ∧ (#4⁻ ⊃ #2⁺)
          local #8⁻('14) := c⁻ ⊃ p⁻('14)
          local #7⁻ := c⁻
          right #6⁺ := ∃X. p⁻(X)
          local #4⁻ := c⁻ ⊃ (∃X. #5⁻(X))
          local #5⁻('12) := p⁻('12)
          right #2⁺ := ∃X. #3⁻ ⊃ p⁻(X)
          local #3⁻ := c⁻
        Goal is #1
[INDEX] [1] #7 --> c
[INDEX] [2] #5('1) --> p('1)
[INDEX] [3] #3 --> c
[INDEX] [4] #8('1), #7 --> p('1)
[INDEX] [5] #5('1) --> #2
[INDEX] [6] #5('1) --> #6
[INDEX] [7] #8('1), #3 --> p('1)
[INDEX] [8] #8('1), #7 --> #2
[INDEX] [9] #8('1), #7 --> #6
[INDEX] [10] #4, #3 --> #2
[INDEX] [11] #4, #7 --> #2
[INDEX] [12] #5('1) --> #1
[INDEX] [13] #4, #3 --> #6
[INDEX] [14] #4, #7 --> #6
[INDEX] [15] #8('1) --> #2
[INDEX] [16] #8('1), #3 --> #6
[INDEX] [17] #8('1), #3 --> #1
[INDEX] [18] #3 --> #1
[INDEX] [19] #8('1), #7 --> #1
[INDEX] [20] #7 --> #1
[INDEX] [21] #4, #8('1) --> #1
[INDEX] [22] #8('1) --> #1
Refuted.
