Predicate "big_f" is now treated as: NEGATIVE.
[LABEL] Labeled formulas:
          right #1⁺ := ∃X. ∀Y. #2⁺(Y,X)
          right #2⁺('12,?11) :=
            ∃Z. #4⁻('12,?11) ⊃ #3⁻(Z,?11) ⊃ big_f⁻('12,'12)
          local #4⁻('12,?11) := big_f⁻(?11,'12)
          local #3⁻(?13,?11) := big_f⁻(?13,?11)
        Goal is #1
[INDEX] [1] #4('2,?1) --> big_f(?1,'2)
[INDEX] [2] #3(?2,?1) --> big_f(?2,?1)
[INDEX] [3] #4('2,'2) --> #2('2,?1)
[INDEX] [4] · --> #2('1,'1)
[INDEX] [5] #3('1,'1) --> #2('1,?2)
Refuted.
