Predicate "big_f" is now treated as: NEGATIVE.
[LABEL] Labeled formulas:
          right #1⁺ := ∃X1. ∀X2. #2⁺(X2,X1)
          right #2⁺('12,?11) :=
            ∃X3. ∀X4. #3⁻(X3,'12,?11) ⊃ big_f⁻('12,X3,X4)
          local #3⁻(?13,'12,?11) := big_f⁻(?11,'12,?13)
        Goal is #1
[INDEX] [1] #3(?3,'2,?1) --> big_f(?1,'2,?3)
Refuted.
