Predicate "big_p" is now treated as: NEGATIVE.
[LABEL] Labeled formulas:
          right #1⁺ := #3⁻ ⊃ #2⁺
          local #3⁻ := ∀U. ∀V. ∀W. #5⁻(V,U) ∨ #4⁻(W,V)
          local #5⁻(?14,?13) := big_p⁻(?13,?14)
          local #4⁻(?15,?14) := big_p⁻(?14,?15)
          right #2⁺ := ∃X. ∀Y. big_p⁻(X,Y)
        Goal is #1
[INDEX] [1] #5(?2,?1) --> big_p(?1,?2)
[INDEX] [2] #4(?2,?1) --> big_p(?1,?2)
[INDEX] [3] #3 --> big_p(?1,?1)
Refuted.
