Predicate "big_f" is now treated as: NEGATIVE.
[LABEL] Labeled formulas:
          right #1⁺ :=
            ∃X.
              ∃Y1.
                ∃Y2.
                  ∀Z. #2⁻(Z,Y1,X) ⊃ big_f⁻(X,X) ∧ big_f⁻(Y1,Y2)
          local #2⁻('14,?12,?11) :=
            (#3⁻(?12,?11) ⊃ big_f⁻('14,?11)) ⊃ big_f⁻(?11,?11)
          local #3⁻(?12,?11) := big_f⁻(?11,?12)
        Goal is #1
[INDEX] [1] #3(?2,?1) --> big_f(?1,?2)
[INDEX] [2] #2('1,?2,?3), #3(?3,'1) --> big_f(?3,?3)
[INDEX] [3] #2('1,'1,'1) --> big_f('1,'1)
[INDEX] [4] #3(?1,?1) --> #1
[INDEX] [5] #2('2,?3,?1), #3(?1,'2) --> #1
[INDEX] [6] #2('1,'1,'1) --> #1
Refuted.
