Predicate "big_f" is now treated as: NEGATIVE.
[LABEL] Labeled formulas:
          right #1⁺ := ∃X. ∀Y. #2⁺(Y,X)
          right #2⁺('12,?11) :=
            ∃Z. #3⁻(Z,'12,?11) ⊃ big_f⁻('12,Z,Z)
          local #3⁻(?13,'12,?11) := big_f⁻(?11,'12,?13)
        Goal is #1
[INDEX] [1] #3(?3,'2,?1) --> big_f(?1,'2,?3)
[INDEX] [2] #3('3,'3,'1) --> #2('1,?2)
[INDEX] [3] · --> #2('1,'1)
Refuted.
