Predicate "big_p" is now treated as: NEGATIVE.
[LABEL] Labeled formulas:
          right #1⁺ := ∃Y. ∀X. #2⁻(Y) ⊃ big_p⁻(X)
          local #2⁻(?11) := big_p⁻(?11)
        Goal is #1
[INDEX] [1] #2(?1) --> big_p(?1)
Refuted.
