Predicate "big_f" is now treated as: NEGATIVE.
Predicate "big_g" is now treated as: NEGATIVE.
Predicate "big_h" is now treated as: NEGATIVE.
[LABEL] Labeled formulas:
          right #1⁺ :=
            ∃X.
              ∀Y.
                ∀Z.
                  #5⁻(Z,Y,X) ⊃
                    #3⁻(Z,X) ⊃ #2⁻(Y,X) ⊃ big_f⁻(Z,Z)
          local #5⁻('13,'12,?11) :=
            (#7⁻('13,'12) ⊃ #6⁻('12) ⊃ big_h⁻(?11)) ⊃
              big_f⁻(?11,?11)
          local #7⁻('13,'12) := big_f⁻('12,'13)
          local #6⁻('12) := big_g⁻('12)
          local #3⁻('13,?11) :=
            (#4⁻('13,?11) ⊃ big_g⁻(?11)) ⊃ big_h⁻('13)
          local #4⁻('13,?11) := big_f⁻('13,?11)
          local #2⁻('12,?11) := big_f⁻(?11,'12)
        Goal is #1
[INDEX] [1] #7('2,'1) --> big_f('1,'2)
[INDEX] [2] #6('1) --> big_g('1)
[INDEX] [3] #4('2,?1) --> big_f('2,?1)
[INDEX] [4] #2('2,?1) --> big_f(?1,'2)
[INDEX] [5] #3('1,'2), #6('2) --> big_h('1)
[INDEX] [6] #5('1,'2,'3), #3('3,'4), #6('4) --> big_f('3,'3)
[INDEX] [7] #5('1,'3,'2), #3('2,'3) --> big_f('2,'2)
Refuted.
