Predicate "big_p" is now treated as: NEGATIVE.
[LABEL] Labeled formulas:
          right #1⁺ := ∀Z. #2⁺(Z)
          right #2⁺('11) :=
            ∃X. ∃Y. ∀U. #3⁻(Y,X,'11) ⊃ big_p⁻(U,X,X)
          local #3⁻(?13,?12,'11) := big_p⁻(?12,?13,'11)
        Goal is #1
[INDEX] [1] #3(?3,?2,'1) --> big_p(?2,?3,'1)
Refuted.
