Predicate "big_f" is now treated as: NEGATIVE.
[LABEL] Labeled formulas:
          right #1⁺ :=
            ∃X.
              ∀Y.
                #4⁻(Y,X) ⊃
                  (#3⁻(Y,X) ⊃ big_f⁻(Y,Y)) ∧
                    (#2⁻(Y) ⊃ big_f⁻(X,Y))
          local #4⁻('12,?11) := big_f⁻(?11,'12) ≡ big_f⁻(?11,?11)
          local #3⁻('12,?11) := big_f⁻(?11,'12)
          local #2⁻('12) := big_f⁻('12,'12)
        Goal is #1
[INDEX] [1] #3('2,?1) --> big_f(?1,'2)
[INDEX] [2] #2('1) --> big_f('1,'1)
[INDEX] [3] #4('1,'2), #3('2,'2) --> big_f('2,'1)
[INDEX] [4] #4('2,?1), #3('2,?1) --> big_f(?1,?1)
[INDEX] [5] #4('1,'2), #2('2) --> big_f('2,'1)
[INDEX] [6] #4('1,?2), #4('3,?2), #3('3,?2) --> big_f(?2,'1)
Refuted.
