Predicate "big_f" is now treated as: NEGATIVE.
Predicate "big_g" is now treated as: NEGATIVE.
Predicate "p" is now treated as: NEGATIVE.
[LABEL] Labeled formulas:
          right #1⁺ :=
            ∃Y. #4⁻(Y) ⊃ #3⁻ ⊃ (∀X. #2⁻(X) ⊃ big_g⁻(Y))
          local #4⁻(?11) :=
            ∀X. big_f⁻(X) ⊃ big_f⁻(?11) ⊃ big_g⁻(X)
          local #3⁻ := p⁻
          local #2⁻('12) := big_f⁻('12)
        Goal is #1
[INDEX] [1] #3 --> p
[INDEX] [2] #2('1) --> big_f('1)
[INDEX] [3] #4('1), #2('1) --> big_g('1)
[INDEX] [4] #4('1), #2('1), #2('2) --> big_g('2)
[INDEX] [5] #4('1), #2('1) --> #1
[INDEX] [6] #2('1) --> #1
Refuted.
