Predicate "big_f" is now treated as: NEGATIVE.
Predicate "big_g" is now treated as: NEGATIVE.
[LABEL] Labeled formulas:
          right #1⁺ := ∃X. ∀Y. #2⁻(Y,X) ⊃ big_g⁻(Y)
          local #2⁻('12,?11) :=
            (#3⁻(?11) ⊃ big_f⁻('12,'12)) ⊃
              big_f⁻(?11,'12) ∧ big_g⁻(?11)
          local #3⁻(?11) := big_f⁻(?11,?11)
        Goal is #1
[INDEX] [1] #3(?1) --> big_f(?1,?1)
[INDEX] [2] #2('2,?1), #3('2) --> big_g(?1)
[INDEX] [3] #2('1,'1) --> big_g('1)
[INDEX] [4] #2('2,?1), #3('2) --> big_f(?1,'2)
[INDEX] [5] #2('1,'1) --> big_f('1,'1)
[INDEX] [6] #2('2,?1), #2('2,'2) --> big_g(?1)
[INDEX] [7] #2('2,?1), #2('2,'2) --> big_f(?1,'2)
[INDEX] [8] #2('1,'1) --> big_g('1)
[INDEX] [9] #2('2,?1), #2('2,'2) --> big_g(?1)
Refuted.
