Predicate "big_p" is now treated as: NEGATIVE.
Predicate "big_q" is now treated as: NEGATIVE.
[LABEL] Labeled formulas:
          right #1⁺ := #6⁻ ⊃ #2⁺
          local #6⁻ := ∀X. big_p⁻(X)
          right #2⁺ :=
            ((∃Y. #5⁻(Y)) ⊃ #4⁺) ∨ (∃Z. #3⁻(Z) ⊃ big_q⁻(Z))
          local #5⁻('12) := big_q⁻('12)
          right #4⁺ := ⊥
          local #3⁻(?11) := big_p⁻(?11)
        Goal is #1
[INDEX] [1] #6 --> big_p(?1)
[INDEX] [2] #5('1) --> big_q('1)
[INDEX] [3] #3(?1) --> big_p(?1)
[INDEX] [4] #5('1) --> #2
[INDEX] [5] #5('1) --> #1
Refuted.
