Predicate "big_p" is now treated as: NEGATIVE.
Predicate "big_q" is now treated as: NEGATIVE.
[LABEL] Labeled formulas:
          right #1⁺ := ∃X. ∀Y. #3⁻(X) ⊃ #2⁺(Y,X)
          local #3⁻(?11) := big_p⁻(?11)
          right #2⁺('12,?11) := big_q⁻(?11) ∨ big_p⁻('12)
        Goal is #1
[INDEX] [1] #3(?1) --> big_p(?1)
[INDEX] [2] #3('1) --> #2('1,?2)
Refuted.
