Predicate "h" is now treated as: NEGATIVE.
Predicate "f" is now treated as: NEGATIVE.
Predicate "g" is now treated as: NEGATIVE.
[LABEL] Labeled formulas:
          right #1⁺ :=
            (#6⁻ ⊃
               (∀U. ∀V. ∀W. #5⁻(V,U) ⊃ h⁻(U,W) ∧ g⁻(W))) ∧
              (#4⁻ ⊃ (∀X. (∃Y. #3⁻(Y,X)) ⊃ #2⁺(X)))
          local #6⁻ :=
            ∀X. (∃Y. h⁻(X,Y) ∧ f⁻(Y)) ⊃ (∃Z. #7⁻(Z,X))
          local #7⁻('21,?20) := h⁻(?20,'21) ∧ g⁻('21)
          local #5⁻('18,'17) := h⁻('17,'18) ∧ f⁻('18)
          local #4⁻ :=
            ∀U. ∀V. ∀W. h⁻(U,V) ∧ f⁻(V) ⊃ h⁻(U,W) ∧ g⁻(W)
          local #3⁻('13,'11) := h⁻('11,'13) ∧ f⁻('13)
          right #2⁺('11) := ∃Z. h⁻('11,Z) ∧ g⁻(Z)
        Goal is #1
[INDEX] [1] #7('2,?1) --> h(?1,'2)
[INDEX] [2] #7('2,?1) --> g('2)
[INDEX] [3] #5('2,'1) --> h('1,'2)
[INDEX] [4] #5('2,'1) --> f('2)
[INDEX] [5] #3('2,'1) --> h('1,'2)
[INDEX] [6] #3('2,'1) --> f('2)
[INDEX] [7] #7('2,'1) --> #2('1)
[INDEX] [8] #5('2,'1), #7('2,?3) --> #2('1)
[INDEX] [9] #4, #5('2,'3) --> g(?1)
[INDEX] [10] #4, #5('2,'3) --> h('3,?1)
[INDEX] [11] #4, #7('3,?1), #5('3,'4) --> h(?1,?2)
[INDEX] [12] #4, #3('3,'1), #5('3,'4) --> h('1,?2)
[INDEX] [13] #3('2,'1), #7('2,?3) --> #2('1)
[INDEX] [14] #4, #3('2,'3) --> g(?1)
[INDEX] [15] #4, #3('2,'3) --> h('3,?1)
[INDEX] [16] #4, #7('3,?1), #3('3,'4) --> h(?1,?2)
[INDEX] [17] #6, #5('2,'1), #3('2,'3) --> #2('1)
[INDEX] [18] #6, #5('1,'2) --> #2('2)
[INDEX] [19] #6, #3('1,'2) --> #2('2)
[INDEX] [20] #3('2,'1), #4, #5('3,'4) --> #2('1)
[INDEX] [21] #4, #5('1,'2) --> #2('2)
[INDEX] [22] #4, #3('1,'2) --> #2('2)
[INDEX] [23] #4, #3('1,'2), #6 --> #1
[INDEX] [24] #4, #3('1,'2) --> #1
Refuted.
