Predicate "a" is now treated as: NEGATIVE.
Predicate "b" is now treated as: NEGATIVE.
Predicate "c" is now treated as: NEGATIVE.
[LABEL] Labeled formulas:
          right #1⁺ := #3⁻ ⊃ #2⁺
          local #3⁻ :=
            (∀X. a⁻(X) ⊃ #6⁻(X) ∨ #5⁻(X)) ∧
              (¬∀X. #4⁻(X) ⊃ b⁻(X))
          local #6⁻(?13) := b⁻(?13)
          local #5⁻(?13) := c⁻(?13)
          local #4⁻('12) := a⁻('12)
          right #2⁺ := ∃X. a⁻(X) ∧ c⁻(X)
        Goal is #1
[INDEX] [1] #6(?1) --> b(?1)
[INDEX] [2] #5(?1) --> c(?1)
[INDEX] [3] #4('1) --> a('1)
[INDEX] [4] #4('1), #5('1) --> #2
[INDEX] [5] #4('1), #5('1) --> #1
Refuted.
