Predicate "p" is now treated as: NEGATIVE.
[LABEL] Labeled formulas:
          right #1⁺ := ∃Z. ∀X. #2⁺(X,Z)
          right #2⁺('12,?11) :=
            ∃Y.
              (#5⁻(Y,'12) ⊃ #4⁺(Y)) ∧ (#3⁻(Y,?11) ⊃ p⁻(Y,'12))
          local #5⁻(?13,'12) := p⁻(?13,'12)
          right #4⁺(?13) := ∃W. p⁻(W,?13)
          local #3⁻(?13,?11) := p⁻(?11,?13) ∧ p⁻(?13,?11)
        Goal is #1
[INDEX] [1] #5(?2,'1) --> p(?2,'1)
[INDEX] [2] #3(?2,?1) --> p(?1,?2)
[INDEX] [3] #3(?2,?1) --> p(?2,?1)
[INDEX] [4] #5(?1,'2) --> #4('2)
[INDEX] [5] #3(?2,?1) --> #4(?2)
[INDEX] [6] #3(?1,?2) --> #4(?2)
[INDEX] [7] #3('1,'1) --> #2('1,?2)
[INDEX] [8] · --> #2('1,'1)
[INDEX] [9] #5('2,'2) --> #2('2,?1)
[INDEX] [10] #5(?3,'4), #3('4,'1) --> #2('1,?2)
[INDEX] [11] #5(?3,'4), #3('1,'4) --> #2('1,?2)
[INDEX] [12] #5(?2,'3), #5('3,'4) --> #2('4,?1)
[INDEX] [13] #3(?3,'1) --> #2('1,?2)
[INDEX] [14] #3(?4,?3), #3('1,?4) --> #2('1,?2)
[INDEX] [15] #3(?3,?2), #5(?3,'4) --> #2('4,?1)
[INDEX] [16] #3('1,?3) --> #2('1,?2)
[INDEX] [17] #3(?2,?3), #5(?3,'4) --> #2('4,?1)
Refuted.
